------------------------------------------------------------
TimeQuest Timing Analyzer Summary
------------------------------------------------------------

Type  : Slow Model Setup 'GPIO_CLKIN_N1'
Slack : -5.087
TNS   : -1387.600

Type  : Slow Model Setup 'iCLK_50'
Slack : -4.399
TNS   : -256.877

Type  : Slow Model Setup 'phase_loop|altpll_component|pll|clk[0]'
Slack : -3.646
TNS   : -104.491

Type  : Slow Model Setup 'I2C_CCD_Config:i2c_Config|mI2C_CTRL_CLK'
Slack : -3.345
TNS   : -193.081

Type  : Slow Model Hold 'iCLK_50'
Slack : -2.651
TNS   : -2.651

Type  : Slow Model Hold 'I2C_CCD_Config:i2c_Config|mI2C_CTRL_CLK'
Slack : -0.424
TNS   : -0.735

Type  : Slow Model Hold 'GPIO_CLKIN_N1'
Slack : 0.391
TNS   : 0.000

Type  : Slow Model Hold 'phase_loop|altpll_component|pll|clk[0]'
Slack : 0.391
TNS   : 0.000

Type  : Slow Model Recovery 'phase_loop|altpll_component|pll|clk[0]'
Slack : -5.665
TNS   : -345.462

Type  : Slow Model Recovery 'iCLK_50'
Slack : -3.856
TNS   : -151.075

Type  : Slow Model Recovery 'I2C_CCD_Config:i2c_Config|mI2C_CTRL_CLK'
Slack : -2.797
TNS   : -64.687

Type  : Slow Model Recovery 'GPIO_CLKIN_N1'
Slack : -1.961
TNS   : -194.457

Type  : Slow Model Removal 'GPIO_CLKIN_N1'
Slack : 1.733
TNS   : 0.000

Type  : Slow Model Removal 'I2C_CCD_Config:i2c_Config|mI2C_CTRL_CLK'
Slack : 1.851
TNS   : 0.000

Type  : Slow Model Removal 'iCLK_50'
Slack : 2.763
TNS   : 0.000

Type  : Slow Model Removal 'phase_loop|altpll_component|pll|clk[0]'
Slack : 5.434
TNS   : 0.000

Type  : Slow Model Minimum Pulse Width 'GPIO_CLKIN_N1'
Slack : -1.627
TNS   : -1704.522

Type  : Slow Model Minimum Pulse Width 'iCLK_50'
Slack : -1.380
TNS   : -96.380

Type  : Slow Model Minimum Pulse Width 'I2C_CCD_Config:i2c_Config|mI2C_CTRL_CLK'
Slack : -0.500
TNS   : -72.000

Type  : Slow Model Minimum Pulse Width 'phase_loop|altpll_component|pll|clk[0]'
Slack : 3.629
TNS   : 0.000

Type  : Slow Model Minimum Pulse Width 'iTD1_CLK27'
Slack : 18.518
TNS   : 0.000

Type  : Fast Model Setup 'phase_loop|altpll_component|pll|clk[0]'
Slack : -2.171
TNS   : -62.609

Type  : Fast Model Setup 'GPIO_CLKIN_N1'
Slack : -1.683
TNS   : -395.561

Type  : Fast Model Setup 'iCLK_50'
Slack : -1.595
TNS   : -75.472

Type  : Fast Model Setup 'I2C_CCD_Config:i2c_Config|mI2C_CTRL_CLK'
Slack : -1.105
TNS   : -58.637

Type  : Fast Model Hold 'iCLK_50'
Slack : -1.645
TNS   : -1.645

Type  : Fast Model Hold 'I2C_CCD_Config:i2c_Config|mI2C_CTRL_CLK'
Slack : -0.165
TNS   : -0.279

Type  : Fast Model Hold 'GPIO_CLKIN_N1'
Slack : 0.215
TNS   : 0.000

Type  : Fast Model Hold 'phase_loop|altpll_component|pll|clk[0]'
Slack : 0.215
TNS   : 0.000

Type  : Fast Model Recovery 'phase_loop|altpll_component|pll|clk[0]'
Slack : -3.492
TNS   : -212.901

Type  : Fast Model Recovery 'iCLK_50'
Slack : -1.446
TNS   : -59.305

Type  : Fast Model Recovery 'I2C_CCD_Config:i2c_Config|mI2C_CTRL_CLK'
Slack : -1.006
TNS   : -22.818

Type  : Fast Model Recovery 'GPIO_CLKIN_N1'
Slack : -0.778
TNS   : -42.922

Type  : Fast Model Removal 'GPIO_CLKIN_N1'
Slack : 0.884
TNS   : 0.000

Type  : Fast Model Removal 'I2C_CCD_Config:i2c_Config|mI2C_CTRL_CLK'
Slack : 0.940
TNS   : 0.000

Type  : Fast Model Removal 'iCLK_50'
Slack : 1.574
TNS   : 0.000

Type  : Fast Model Removal 'phase_loop|altpll_component|pll|clk[0]'
Slack : 3.370
TNS   : 0.000

Type  : Fast Model Minimum Pulse Width 'GPIO_CLKIN_N1'
Slack : -1.627
TNS   : -1704.522

Type  : Fast Model Minimum Pulse Width 'iCLK_50'
Slack : -1.380
TNS   : -96.380

Type  : Fast Model Minimum Pulse Width 'I2C_CCD_Config:i2c_Config|mI2C_CTRL_CLK'
Slack : -0.500
TNS   : -72.000

Type  : Fast Model Minimum Pulse Width 'phase_loop|altpll_component|pll|clk[0]'
Slack : 3.629
TNS   : 0.000

Type  : Fast Model Minimum Pulse Width 'iTD1_CLK27'
Slack : 18.518
TNS   : 0.000

------------------------------------------------------------
