------------------------------------------------------------
TimeQuest Timing Analyzer Summary
------------------------------------------------------------

Type  : Slow Model Setup 'phase_loop|altpll_component|pll|clk[0]'
Slack : 3.306
TNS   : 0.000

Type  : Slow Model Setup 'iCLK_50'
Slack : 15.030
TNS   : 0.000

Type  : Slow Model Hold 'iCLK_50'
Slack : 0.391
TNS   : 0.000

Type  : Slow Model Hold 'phase_loop|altpll_component|pll|clk[0]'
Slack : 0.391
TNS   : 0.000

Type  : Slow Model Recovery 'phase_loop|altpll_component|pll|clk[0]'
Slack : 2.446
TNS   : 0.000

Type  : Slow Model Removal 'phase_loop|altpll_component|pll|clk[0]'
Slack : 6.221
TNS   : 0.000

Type  : Slow Model Minimum Pulse Width 'phase_loop|altpll_component|pll|clk[0]'
Slack : 2.873
TNS   : 0.000

Type  : Slow Model Minimum Pulse Width 'iCLK_50'
Slack : 9.000
TNS   : 0.000

Type  : Fast Model Setup 'phase_loop|altpll_component|pll|clk[0]'
Slack : 7.038
TNS   : 0.000

Type  : Fast Model Setup 'iCLK_50'
Slack : 17.707
TNS   : 0.000

Type  : Fast Model Hold 'iCLK_50'
Slack : 0.215
TNS   : 0.000

Type  : Fast Model Hold 'phase_loop|altpll_component|pll|clk[0]'
Slack : 0.215
TNS   : 0.000

Type  : Fast Model Recovery 'phase_loop|altpll_component|pll|clk[0]'
Slack : 5.906
TNS   : 0.000

Type  : Fast Model Removal 'phase_loop|altpll_component|pll|clk[0]'
Slack : 3.489
TNS   : 0.000

Type  : Fast Model Minimum Pulse Width 'phase_loop|altpll_component|pll|clk[0]'
Slack : 2.873
TNS   : 0.000

Type  : Fast Model Minimum Pulse Width 'iCLK_50'
Slack : 9.000
TNS   : 0.000

------------------------------------------------------------
